

> @supportops/ui-dialog@0.0.0 build /Users/thannguyennham/projects/supportops/supportops-monorepo/packages/ui/dialog
> tsup

[34mCLI[39m Building entry: src/index.ts
[34mCLI[39m Using tsconfig: tsconfig.tsup.json
[34mCLI[39m tsup v8.5.1
[34mCLI[39m Using tsup config: /Users/thannguyennham/projects/supportops/supportops-monorepo/packages/ui/dialog/tsup.config.ts
[34mCLI[39m Target: es2022
[34mCLI[39m Cleaning output folder
[34mESM[39m Build start
[34mCJS[39m Build start
[32mESM[39m [1mdist/index.js     [22m[32m5.74 KB[39m
[32mESM[39m [1mdist/index.js.map [22m[32m12.32 KB[39m
[32mESM[39m ⚡️ Build success in 958ms
[32mCJS[39m [1mdist/index.cjs     [22m[32m6.41 KB[39m
[32mCJS[39m [1mdist/index.cjs.map [22m[32m12.40 KB[39m
[32mCJS[39m ⚡️ Build success in 962ms
DTS Build start
DTS ⚡️ Build success in 7522ms
DTS dist/index.d.ts  2.25 KB
DTS dist/index.d.cts 2.25 KB
