

> @supportops/ui-form@0.0.0 build /Users/thannguyennham/projects/supportops/supportops-monorepo/packages/ui/form
> tsup

[34mCLI[39m Building entry: src/index.ts
[34mCLI[39m Using tsconfig: tsconfig.tsup.json
[34mCLI[39m tsup v8.5.1
[34mCLI[39m Using tsup config: /Users/thannguyennham/projects/supportops/supportops-monorepo/packages/ui/form/tsup.config.ts
[34mCLI[39m Target: es2022
[34mCLI[39m Cleaning output folder
[34mESM[39m Build start
[34mCJS[39m Build start
[32mCJS[39m [1mdist/index.cjs     [22m[32m63.18 KB[39m
[32mCJS[39m [1mdist/index.cjs.map [22m[32m116.12 KB[39m
[32mCJS[39m ⚡️ Build success in 3229ms
[32mESM[39m [1mdist/index.js     [22m[32m58.67 KB[39m
[32mESM[39m [1mdist/index.js.map [22m[32m115.58 KB[39m
[32mESM[39m ⚡️ Build success in 3230ms
DTS Build start
DTS ⚡️ Build success in 7849ms
DTS dist/index.d.ts  7.26 KB
DTS dist/index.d.cts 7.26 KB
