

> @supportops/ui-avatar@0.0.0 build /Users/thannguyennham/projects/supportops/supportops-monorepo/packages/ui/avatar
> tsup

[34mCLI[39m Building entry: src/index.ts
[34mCLI[39m Using tsconfig: tsconfig.tsup.json
[34mCLI[39m tsup v8.5.1
[34mCLI[39m Using tsup config: /Users/thannguyennham/projects/supportops/supportops-monorepo/packages/ui/avatar/tsup.config.ts
[34mCLI[39m Target: es2022
[34mCLI[39m Cleaning output folder
[34mESM[39m Build start
[34mCJS[39m Build start
[32mCJS[39m [1mdist/index.cjs     [22m[32m4.59 KB[39m
[32mCJS[39m [1mdist/index.cjs.map [22m[32m8.76 KB[39m
[32mCJS[39m ⚡️ Build success in 491ms
[32mESM[39m [1mdist/index.js     [22m[32m4.18 KB[39m
[32mESM[39m [1mdist/index.js.map [22m[32m8.65 KB[39m
[32mESM[39m ⚡️ Build success in 492ms
DTS Build start
DTS ⚡️ Build success in 1783ms
DTS dist/index.d.ts  1.22 KB
DTS dist/index.d.cts 1.22 KB
