

> @supportops/ui@0.0.0 build /Users/thannguyennham/projects/supportops/supportops-monorepo/packages/ui
> tsup

[34mCLI[39m Building entry: src/index.ts
[34mCLI[39m Using tsconfig: tsconfig.tsup.json
[34mCLI[39m tsup v8.5.1
[34mCLI[39m Using tsup config: /Users/thannguyennham/projects/supportops/supportops-monorepo/packages/ui/tsup.config.ts
[34mCLI[39m Target: es2022
[34mCLI[39m Cleaning output folder
[34mESM[39m Build start
[34mCJS[39m Build start
DTS Build start
[32mESM[39m [1mdist/index.js     [22m[32m106.88 KB[39m
[32mESM[39m [1mdist/index.js.map [22m[32m226.48 KB[39m
[32mESM[39m ⚡️ Build success in 2999ms
[32mCJS[39m [1mdist/index.cjs     [22m[32m111.69 KB[39m
[32mCJS[39m [1mdist/index.cjs.map [22m[32m226.77 KB[39m
[32mCJS[39m ⚡️ Build success in 3400ms
DTS ⚡️ Build success in 6124ms
DTS dist/index.d.ts  32.02 KB
DTS dist/index.d.cts 32.02 KB
